Microchip MPLAB XC8 Compiler V2.00 ()

Linker command line:

-W-3 --edf=C:\Program Files (x86)\Microchip\xc8\v2.00\pic\dat\en_msgs.txt \
  -cs -h+dist/default/production\leitura_serial.X.production.sym \
  --cmf=dist/default/production\leitura_serial.X.production.cmf -z -Q16F887 \
  -oC:\Users\21193665\AppData\Local\Temp\s75c.2 \
  -Mdist/default/production/leitura_serial.X.production.map -E1 -ver=XC8 \
  --acfsm=1493 -ASTACK=0110h-016fh -pstack=STACK -ACODE=00h-07FFhx4 \
  -ASTRCODE=00h-01FFFh -ASTRING=00h-0FFhx32 -ACONST=00h-0FFhx32 \
  -AENTRY=00h-0FFhx32 -ACOMMON=070h-07Fh -ABANK0=020h-06Fh \
  -ABANK1=0A0h-0EFh -ABANK2=0110h-016Fh -ABANK3=0190h-01EFh \
  -ARAM=020h-06Fh,0A0h-0EFh,0110h-016Fh,0190h-01EFh \
  -AABS1=020h-07Fh,0A0h-0EFh,0110h-016Fh,0190h-01EFh -ASFR0=00h-01Fh \
  -ASFR1=080h-09Fh -ASFR2=0100h-010Fh -ASFR3=0180h-018Fh \
  -preset_vec=00h,intentry,init,end_init -ppowerup=CODE -pcinit=CODE \
  -pfunctab=ENTRY -ACONFIG=02007h-02008h -pconfig=CONFIG -DCONFIG=2 \
  -AIDLOC=02000h-02003h -pidloc=IDLOC -DIDLOC=2 -AEEDATA=00h-0FFh/02100h \
  -peeprom_data=EEDATA -DEEDATA=2 -DCODE=2 -DSTRCODE=2 -DSTRING=2 -DCONST=2 \
  -DENTRY=2 -k C:\Users\21193665\AppData\Local\Temp\s75c.o \
  dist/default/production\leitura_serial.X.production.o 

Object code version is 3.11

Machine type is 16F887



                Name                               Link     Load   Length Selector   Space Scale
C:\Users\21193665\AppData\Local\Temp\s75c.o
                end_init                              0        0        3        0       0
                config                             2007     2007        2     400E       0
dist/default/production\leitura_serial.X.production.o
                cinit                               7EB      7EB       15      FD6       0
                functab                               3        3        9        6       0
                text7                               653      653       17      CA6       0
                text6                               768      768       83      ED0       0
                text5                               726      726       42      E4C       0
                text4                               6BD      6BD       34      D7A       0
                text3                               692      692       2B      D24       0
                text2                               634      634        5      C68       0
                text1                               6F1      6F1       35      DE2       0
                maintext                            66A      66A       28      CD4       0
                cstackBANK0                          20       20        8       20       1
                cstackCOMMON                         70       70        B       70       1
                inittext                            640      640       13      C80       0
                dataBANK0                            28       28        7       20       1
                bssCOMMON                            7B       7B        3       70       1
                idataBANK0                          639      639        7      C72       0

TOTAL           Name                               Link     Load   Length     Space
        CLASS   STACK          

        CLASS   CODE           
                end_init                              0        0        3         0
                cinit                               7EB      7EB       15         0
                text7                               653      653       17         0
                text6                               768      768       83         0
                text5                               726      726       42         0
                text4                               6BD      6BD       34         0
                text3                               692      692       2B         0
                text2                               634      634        5         0
                text1                               6F1      6F1       35         0
                maintext                            66A      66A       28         0
                inittext                            640      640       13         0
                idataBANK0                          639      639        7         0

        CLASS   STRCODE        

        CLASS   STRING         

        CLASS   CONST          

        CLASS   ENTRY          
                functab                               3        3        9         0

        CLASS   COMMON         
                cstackCOMMON                         70       70        B         1
                bssCOMMON                            7B       7B        3         1

        CLASS   BANK0          
                cstackBANK0                          20       20        8         1
                dataBANK0                            28       28        7         1

        CLASS   BANK1          

        CLASS   BANK2          

        CLASS   BANK3          

        CLASS   RAM            

        CLASS   ABS1           
                abs_s1                               7E       7E        2         1

        CLASS   SFR0           

        CLASS   SFR1           

        CLASS   SFR2           

        CLASS   SFR3           

        CLASS   CONFIG         
                config                             2007     2007        2         0

        CLASS   IDLOC          

        CLASS   EEDATA         



SEGMENTS        Name                           Load    Length   Top    Selector   Space  Class     Delta

                reset_vec                      000000  000003  000003         0       0  CODE        2
                functab                        000003  000009  00000C         6       0  ENTRY       2
                cstackBANK0                    000020  00000F  00002F        20       1  BANK0       1
                cstackCOMMON                   000070  00000E  00007E        70       1  COMMON      1
                text2                          000634  000005  000639       C68       0  CODE        2
                idataBANK0                     000639  000007  000640       C72       0  CODE        2
                inittext                       000640  000013  000653       C80       0  CODE        2
                text7                          000653  000017  00066A       CA6       0  CODE        2
                maintext                       00066A  000028  000692       CD4       0  CODE        2
                text3                          000692  00002B  0006BD       D24       0  CODE        2
                text4                          0006BD  000034  0006F1       D7A       0  CODE        2
                text1                          0006F1  000035  000726       DE2       0  CODE        2
                text5                          000726  000042  000768       E4C       0  CODE        2
                text6                          000768  000083  0007EB       ED0       0  CODE        2
                cinit                          0007EB  000015  000800       FD6       0  CODE        2
                config                         002007  000002  002009      400E       0  CONFIG      2


UNUSED ADDRESS RANGES

        Name                Unused          Largest block    Delta
        BANK0            002F-006F             41           1
        BANK1            00A0-00EF             50           1
        BANK2            0110-016F             60           1
        BANK3            0190-01EF             60           1
        CODE             000C-0633            628           2
                         0800-1FFF            800
        CONST            000C-0633            100           2
                         0800-1FFF            100
        EEDATA           2100-21FF            100           2
        ENTRY            000C-0633            100           2
                         0800-1FFF            100
        IDLOC            2000-2003              4           2
        RAM              002F-006F             41           1
                         00A0-00EF             50
                         0110-016F             60
                         0190-01EF             60
        SFR0             0000-001F             20           1
        SFR1             0080-009F             20           1
        SFR2             0100-010F             10           1
        SFR3             0180-018F             10           1
        STACK            0110-016F             60           1
        STRCODE          000C-0633            628           2
                         0800-1FFF           1800
        STRING           000C-0633            100           2
                         0800-1FFF            100

                                  Symbol Table

_ANSELH                      (abs)        0189
_ANSELbits                   (abs)        0188
_LCDbits                     (abs)        0008
_PORTEbits                   (abs)        0009
_SERIALIO                    (abs)        0009
_TRISDbits                   (abs)        0088
_TRISEbits                   (abs)        0089
__CFG_BOR4V$BOR40V           (abs)        0000
__CFG_BOREN$OFF              (abs)        0000
__CFG_CP$OFF                 (abs)        0000
__CFG_CPD$OFF                (abs)        0000
__CFG_FCMEN$OFF              (abs)        0000
__CFG_FOSC$INTRC_NOCLKOUT    (abs)        0000
__CFG_IESO$OFF               (abs)        0000
__CFG_LVP$OFF                (abs)        0000
__CFG_MCLRE$OFF              (abs)        0000
__CFG_PWRTE$OFF              (abs)        0000
__CFG_WDTE$OFF               (abs)        0000
__CFG_WRT$OFF                (abs)        0000
__Habs1                      abs1         0000
__Hbank0                     bank0        0000
__Hbank1                     bank1        0000
__Hbank2                     bank2        0000
__Hbank3                     bank3        0000
__HbssCOMMON                 bssCOMMON    0000
__Hcinit                     cinit        0800
__Hclrtext                   clrtext      0000
__Hcode                      code         0000
__Hcommon                    common       0000
__Hconfig                    config       2009
__HcstackBANK0               cstackBANK0  0000
__HcstackCOMMON              cstackCOMMON 0000
__HdataBANK0                 dataBANK0    0000
__Heeprom_data               eeprom_data  0000
__Hend_init                  end_init     0003
__Hfunctab                   functab      000C
__HidataBANK0                idataBANK0   0000
__Hidloc                     idloc        0000
__Hinit                      init         0000
__Hinittext                  inittext     0000
__Hintentry                  intentry     0000
__Hmaintext                  maintext     0000
__Hpowerup                   powerup      0000
__Hram                       ram          0000
__Hreset_vec                 reset_vec    0000
__Hsfr0                      sfr0         0000
__Hsfr1                      sfr1         0000
__Hsfr2                      sfr2         0000
__Hsfr3                      sfr3         0000
__Hspace_0                   (abs)        2009
__Hspace_1                   (abs)        007E
__Hspace_2                   (abs)        0000
__Hspace_3                   (abs)        0000
__Hstack                     stack        0000
__Hstrings                   strings      0000
__Htext                      text         0000
__Labs1                      abs1         0000
__Lbank0                     bank0        0000
__Lbank1                     bank1        0000
__Lbank2                     bank2        0000
__Lbank3                     bank3        0000
__LbssCOMMON                 bssCOMMON    0000
__Lcinit                     cinit        07EB
__Lclrtext                   clrtext      0000
__Lcode                      code         0000
__Lcommon                    common       0000
__Lconfig                    config       2007
__LcstackBANK0               cstackBANK0  0000
__LcstackCOMMON              cstackCOMMON 0000
__LdataBANK0                 dataBANK0    0000
__Leeprom_data               eeprom_data  0000
__Lend_init                  end_init     0000
__Lfunctab                   functab      0003
__LidataBANK0                idataBANK0   0000
__Lidloc                     idloc        0000
__Linit                      init         0000
__Linittext                  inittext     0000
__Lintentry                  intentry     0000
__Lmaintext                  maintext     0000
__Lpowerup                   powerup      0000
__Lram                       ram          0000
__Lreset_vec                 reset_vec    0000
__Lsfr0                      sfr0         0000
__Lsfr1                      sfr1         0000
__Lsfr2                      sfr2         0000
__Lsfr3                      sfr3         0000
__Lspace_0                   (abs)        0000
__Lspace_1                   (abs)        0000
__Lspace_2                   (abs)        0000
__Lspace_3                   (abs)        0000
__Lstack                     stack        0000
__Lstrings                   strings      0000
__Ltext                      text         0000
__S0                         (abs)        2009
__S1                         (abs)        007E
__S2                         (abs)        0000
__S3                         (abs)        0000
___int_sp                    stack        0000
___latbits                   (abs)        0002
___sp                        stack        0000
__end_of__fptable            functab      000C
__end_of__initialization     cinit        07FC
__end_of_delay               text7        066A
__end_of_dispLCD_init        text5        0768
__end_of_dispLCD_instReg     text6        07EB
__end_of_main                maintext     0692
__end_of_serialIO_byteShift  text3        06BD
__end_of_serialIO_init       text4        06F1
__end_of_serialIO_load       text2        0639
__end_of_serialIO_scan       text1        0726
__fptable                    functab      0003
__initialization             cinit        07EB
__pbssCOMMON                 bssCOMMON    007B
__pcstackBANK0               cstackBANK0  0020
__pcstackCOMMON              cstackCOMMON 0070
__pdataBANK0                 dataBANK0    0028
__pfunctab                   functab      0003
__pidataBANK0                idataBANK0   0639
__pmaintext                  maintext     066A
__ptext1                     text1        06F1
__ptext2                     text2        0634
__ptext3                     text3        0692
__ptext4                     text4        06BD
__ptext5                     text5        0726
__ptext6                     text6        0768
__ptext7                     text7        0653
__size_of__fptable           (abs)        0000
__size_of_delay              (abs)        0000
__size_of_dispLCD_init       (abs)        0000
__size_of_dispLCD_instReg    (abs)        0000
__size_of_main               (abs)        0000
__size_of_serialIO_byteShift (abs)        0000
__size_of_serialIO_init      (abs)        0000
__size_of_serialIO_load      (abs)        0000
__size_of_serialIO_scan      (abs)        0000
_delay                       text7        0653
_dispLCD                     (abs)        0000
_dispLCD_B0                  (abs)        0000
_dispLCD_B1                  (abs)        0000
_dispLCD_clr                 (abs)        0000
_dispLCD_init                text5        0726
_dispLCD_instReg             text6        0768
_dispLCD_num                 (abs)        0000
_dispLCDstr                  (abs)        0000
_lenSerialIO                 bssCOMMON    007B
_main                        maintext     066A
_ptrSerialIn                 bssCOMMON    007D
_ptrSerialOut                bssCOMMON    007C
_serialIO_byteShift          text3        0692
_serialIO_init               text4        06BD
_serialIO_load               text2        0634
_serialIO_scan               text1        06F1
btemp                        (abs)        007E
delay@t                      cstackCOMMON 0070
dispLCD_instReg@i            cstackCOMMON 0072
end_of_initialization        cinit        07FC
entry__dispLCD_init          functab      0009
fpbase                       functab      0008
fptable                      functab      0003
fptotal                      (abs)        0002
init_fetch0                  inittext     0640
init_ram0                    inittext     0644
intlevel0                    functab      0003
intlevel1                    functab      0003
intlevel2                    functab      0003
intlevel3                    functab      0003
intlevel4                    functab      0003
intlevel5                    functab      0003
main@entrada                 cstackBANK0  0024
main@saida                   cstackBANK0  0020
reset_vec                    reset_vec    0000
serialIO_byteShift@dataBit   cstackCOMMON 0073
serialIO_byteShift@dataIn    cstackCOMMON 0071
serialIO_byteShift@dataOut   cstackCOMMON 0072
serialIO_init@length         cstackCOMMON 0071
serialIO_init@ptrIn          cstackCOMMON 0073
serialIO_init@ptrOut         cstackCOMMON 0070
serialIO_scan@i              cstackCOMMON 0078
serialIO_scan@j              cstackCOMMON 0077
stackhi                      (abs)        0000
stacklo                      (abs)        0000
start                        init         0000
start_initialization         cinit        07EB
wtemp0                       (abs)        007E


FUNCTION INFORMATION:

 *************** function _main *****************
 Defined at:
		line 18 in file "main.c"
 Parameters:    Size  Location     Type
		None
 Auto vars:     Size  Location     Type
  entrada         4    4[BANK0 ] unsigned char [4]
  saida           4    0[BANK0 ] unsigned char [4]
 Return value:  Size  Location     Type
                  1    wreg      void 
 Registers used:
		wreg, fsr0l, fsr0h, status,2, status,0, pclath, cstack
 Tracked objects:
		On entry : 
		On exit  : 
		Unchanged: 
 Data sizes:     COMMON   BANK0   BANK1   BANK3   BANK2
      Params:         0       0       0       0       0
      Locals:         0       8       0       0       0
      Temps:          2       0       0       0       0
      Totals:         2       8       0       0       0
Total ram usage:       10 bytes
 Hardware stack levels required when called:    2
 This function calls:
		_dispLCD_init
		_serialIO_init
		_serialIO_scan
 This function is called by:
		Startup code after reset
 This function uses a non-reentrant model


 *************** function _serialIO_scan *****************
 Defined at:
		line 75 in file "serialIO.c"
 Parameters:    Size  Location     Type
		None
 Auto vars:     Size  Location     Type
  i               1    8[COMMON] unsigned char 
  j               1    7[COMMON] unsigned char 
 Return value:  Size  Location     Type
                  1    wreg      void 
 Registers used:
		wreg, fsr0l, fsr0h, status,2, status,0, pclath, cstack
 Tracked objects:
		On entry : 
		On exit  : 
		Unchanged: 
 Data sizes:     COMMON   BANK0   BANK1   BANK3   BANK2
      Params:         0       0       0       0       0
      Locals:         2       0       0       0       0
      Temps:          3       0       0       0       0
      Totals:         5       0       0       0       0
Total ram usage:        5 bytes
 Hardware stack levels used:    1
 Hardware stack levels required when called:    1
 This function calls:
		_serialIO_byteShift
		_serialIO_load
 This function is called by:
		_main
 This function uses a non-reentrant model


 *************** function _serialIO_load *****************
 Defined at:
		line 44 in file "serialIO.c"
 Parameters:    Size  Location     Type
		None
 Auto vars:     Size  Location     Type
		None
 Return value:  Size  Location     Type
                  1    wreg      void 
 Registers used:
		None
 Tracked objects:
		On entry : 
		On exit  : 
		Unchanged: 
 Data sizes:     COMMON   BANK0   BANK1   BANK3   BANK2
      Params:         0       0       0       0       0
      Locals:         0       0       0       0       0
      Temps:          0       0       0       0       0
      Totals:         0       0       0       0       0
Total ram usage:        0 bytes
 Hardware stack levels used:    1
 This function calls:
		Nothing
 This function is called by:
		_serialIO_scan
 This function uses a non-reentrant model


 *************** function _serialIO_byteShift *****************
 Defined at:
		line 49 in file "serialIO.c"
 Parameters:    Size  Location     Type
  dataIn          1    wreg     unsigned char 
 Auto vars:     Size  Location     Type
  dataIn          1    1[COMMON] unsigned char 
  dataBit         1    3[COMMON] unsigned char 
  dataOut         1    2[COMMON] unsigned char 
 Return value:  Size  Location     Type
                  1    wreg      unsigned char 
 Registers used:
		wreg, status,2, status,0
 Tracked objects:
		On entry : 
		On exit  : 
		Unchanged: 
 Data sizes:     COMMON   BANK0   BANK1   BANK3   BANK2
      Params:         0       0       0       0       0
      Locals:         3       0       0       0       0
      Temps:          1       0       0       0       0
      Totals:         4       0       0       0       0
Total ram usage:        4 bytes
 Hardware stack levels used:    1
 This function calls:
		Nothing
 This function is called by:
		_serialIO_scan
 This function uses a non-reentrant model


 *************** function _serialIO_init *****************
 Defined at:
		line 88 in file "serialIO.c"
 Parameters:    Size  Location     Type
  ptrIn           1    wreg     PTR unsigned char 
		 -> main@entrada(4), 
  ptrOut          1    0[COMMON] PTR unsigned char 
		 -> main@saida(4), 
  length          1    1[COMMON] unsigned char 
 Auto vars:     Size  Location     Type
  ptrIn           1    3[COMMON] PTR unsigned char 
		 -> main@entrada(4), 
 Return value:  Size  Location     Type
                  1    wreg      void 
 Registers used:
		wreg
 Tracked objects:
		On entry : 
		On exit  : 
		Unchanged: 
 Data sizes:     COMMON   BANK0   BANK1   BANK3   BANK2
      Params:         2       0       0       0       0
      Locals:         1       0       0       0       0
      Temps:          1       0       0       0       0
      Totals:         4       0       0       0       0
Total ram usage:        4 bytes
 Hardware stack levels used:    1
 This function calls:
		Nothing
 This function is called by:
		_main
 This function uses a non-reentrant model


 *************** function _dispLCD_init *****************
 Defined at:
		line 124 in file "lcd.c"
 Parameters:    Size  Location     Type
		None
 Auto vars:     Size  Location     Type
		None
 Return value:  Size  Location     Type
                  1    wreg      void 
 Registers used:
		wreg, status,2, status,0, pclath, cstack
 Tracked objects:
		On entry : 
		On exit  : 
		Unchanged: 
 Data sizes:     COMMON   BANK0   BANK1   BANK3   BANK2
      Params:         0       0       0       0       0
      Locals:         0       0       0       0       0
      Temps:          0       0       0       0       0
      Totals:         0       0       0       0       0
Total ram usage:        0 bytes
 Hardware stack levels used:    1
 Hardware stack levels required when called:    1
 This function calls:
		_delay
		_dispLCD_instReg
 This function is called by:
		_main
 This function uses a non-reentrant model


 *************** function _dispLCD_instReg *****************
 Defined at:
		line 69 in file "lcd.c"
 Parameters:    Size  Location     Type
  i               1    wreg     unsigned char 
 Auto vars:     Size  Location     Type
  i               1    2[COMMON] unsigned char 
 Return value:  Size  Location     Type
                  1    wreg      void 
 Registers used:
		wreg, status,2, status,0
 Tracked objects:
		On entry : 
		On exit  : 
		Unchanged: 
 Data sizes:     COMMON   BANK0   BANK1   BANK3   BANK2
      Params:         0       0       0       0       0
      Locals:         1       0       0       0       0
      Temps:          2       0       0       0       0
      Totals:         3       0       0       0       0
Total ram usage:        3 bytes
 Hardware stack levels used:    1
 This function calls:
		Nothing
 This function is called by:
		_dispLCD_init
		_dispLCD_lincol
		_dispLCD_clr
 This function uses a non-reentrant model


 *************** function _delay *****************
 Defined at:
		line 12 in file "delay.c"
 Parameters:    Size  Location     Type
  t               2    0[COMMON] unsigned int 
 Auto vars:     Size  Location     Type
		None
 Return value:  Size  Location     Type
                  1    wreg      void 
 Registers used:
		wreg, status,2, status,0
 Tracked objects:
		On entry : 
		On exit  : 
		Unchanged: 
 Data sizes:     COMMON   BANK0   BANK1   BANK3   BANK2
      Params:         2       0       0       0       0
      Locals:         0       0       0       0       0
      Temps:          1       0       0       0       0
      Totals:         3       0       0       0       0
Total ram usage:        3 bytes
 Hardware stack levels used:    1
 This function calls:
		Nothing
 This function is called by:
		_dispLCD_init
 This function uses a non-reentrant model



MODULE INFORMATION

Module		Function		Class		Link	Load	Size
delay.c
		_delay         		CODE           	0653	0000	24

delay.c estimated size: 24

serialIO.c
		_serialIO_byteShift		CODE           	0692	0000	44
		_serialIO_load 		CODE           	0634	0000	6
		_serialIO_scan 		CODE           	06F1	0000	54
		_serialIO_init 		CODE           	06BD	0000	53

serialIO.c estimated size: 157

shared
		__initialization		CODE           	07EB	0000	18
		__fptable      		ENTRY          	0003	0000	10

shared estimated size: 28

lcd.c
		_dispLCD_instReg		CODE           	0768	0000	132
		_dispLCD_init  		CODE           	0726	0000	67

lcd.c estimated size: 199

main.c
		_main          		CODE           	066A	0000	41

main.c estimated size: 41

